// Jest Snapshot v1, https://goo.gl/fbAQLP

exports[`Main component renter with children renders Main component unchanged 1`] = `
<div
  className="grid"
>
  <DataTable
    data-testid="DataTable"
    tableData={
      Object {
        "current": Object {
          "data": Object {
            "TK1": Object {
              "TK1_Underflow_Flow_Rate": Object {
                "direct": 4.6109135151,
                "max": null,
                "min": null,
                "times": Array [
                  0,
                  5,
                  15,
                  25,
                  35,
                  45,
                  55,
                ],
                "values": Array [
                  4.5714630573,
                  4.6109135151,
                  4.6985812187,
                  4.7467985153,
                  4.7467985153,
                  4.7467985153,
                  4.7467985153,
                ],
              },
              "TK1_Underflow_Percent_Solids": Object {
                "times": Array [
                  0,
                  5,
                  15,
                  25,
                  35,
                  45,
                  55,
                ],
                "values": Array [
                  46.3985645586,
                  45.8695203419,
                  45.9801895469,
                  46.1076254494,
                  45.8455260615,
                  46.2302730406,
                  46.0301647872,
                ],
              },
            },
          },
        },
      }
    }
  />
  <ChartItem
    data-testid="ChartItem"
    tableData={
      Object {
        "current": Object {
          "data": Object {
            "TK1": Object {
              "TK1_Underflow_Flow_Rate": Object {
                "direct": 4.6109135151,
                "max": null,
                "min": null,
                "times": Array [
                  0,
                  5,
                  15,
                  25,
                  35,
                  45,
                  55,
                ],
                "values": Array [
                  4.5714630573,
                  4.6109135151,
                  4.6985812187,
                  4.7467985153,
                  4.7467985153,
                  4.7467985153,
                  4.7467985153,
                ],
              },
              "TK1_Underflow_Percent_Solids": Object {
                "times": Array [
                  0,
                  5,
                  15,
                  25,
                  35,
                  45,
                  55,
                ],
                "values": Array [
                  46.3985645586,
                  45.8695203419,
                  45.9801895469,
                  46.1076254494,
                  45.8455260615,
                  46.2302730406,
                  46.0301647872,
                ],
              },
            },
          },
        },
      }
    }
  />
</div>
`;
